/usr/share/blender/scripts/addons/io_scene_gltf2/io/exp/gltf2_io_image_data.py:25: SyntaxWarning: invalid escape sequence '\.'
  regex_dot = re.compile("\.")
/usr/share/blender/scripts/addons/io_scene_gltf2/io/exp/gltf2_io_image_data.py:27: SyntaxWarning: invalid escape sequence '\]'
  new_name = "".join([char for char in adjusted_name if char not in "!#$&'()*+,/:;<>?@[\]^`{|}~"])
Data are loaded, start creating Blender stuff
glTF import finished in 0.22s
tooth_21 center=(0.0045,-0.0869,1.5392)
tooth_22 center=(0.0112,-0.0846,1.5397)
tooth_23 center=(0.0171,-0.0814,1.5424)
tooth_24 center=(0.0201,-0.0738,1.5426)
tooth_25 center=(0.0231,-0.0678,1.5423)
tooth_31 center=(0.0032,-0.0796,1.5151)
tooth_32 center=(0.0081,-0.0796,1.5152)
tooth_33 center=(0.0128,-0.0763,1.5147)
tooth_34 center=(0.0169,-0.0709,1.5175)
tooth_35 center=(0.0199,-0.0646,1.5184)
Data are loaded, start creating Blender stuff
glTF import finished in 0.01s
placed tooth_73 at (0.0128,-0.0763,1.5147)
Data are loaded, start creating Blender stuff
glTF import finished in 0.01s
placed tooth_71 at (0.0032,-0.0796,1.5151)
Data are loaded, start creating Blender stuff
glTF import finished in 0.10s
placed tooth_74 at (0.0169,-0.0709,1.5175)
Data are loaded, start creating Blender stuff
glTF import finished in 0.01s
placed tooth_72 at (0.0081,-0.0796,1.5152)
Data are loaded, start creating Blender stuff
glTF import finished in 0.07s
placed tooth_75 at (0.0199,-0.0646,1.5184)
Data are loaded, start creating Blender stuff
glTF import finished in 0.01s
placed tooth_63 at (0.0171,-0.0814,1.5424)
Data are loaded, start creating Blender stuff
glTF import finished in 0.01s
placed tooth_61 at (0.0045,-0.0869,1.5392)
Data are loaded, start creating Blender stuff
glTF import finished in 0.11s
placed tooth_64 at (0.0201,-0.0738,1.5426)
Data are loaded, start creating Blender stuff
glTF import finished in 0.03s
placed tooth_62 at (0.0112,-0.0846,1.5397)
Data are loaded, start creating Blender stuff
glTF import finished in 0.09s
placed tooth_65 at (0.0231,-0.0678,1.5423)
mirrored tooth_73 -> tooth_83
mirrored tooth_71 -> tooth_81
mirrored tooth_74 -> tooth_84
mirrored tooth_72 -> tooth_82
mirrored tooth_75 -> tooth_85
mirrored tooth_63 -> tooth_53
mirrored tooth_61 -> tooth_51
mirrored tooth_64 -> tooth_54
mirrored tooth_62 -> tooth_52
mirrored tooth_65 -> tooth_55

Final bbox: X[-2.047,2.067]  Y[-2.294,2.229]  Z[-3.934,5.476]
Total tooth containers: 20
02:48:02 | ERROR: Draco mesh compression is not available because library could not be found at /usr/bin/4.0/python/lib/python3.12/site-packages/libextern_draco.so
02:48:02 | INFO: Starting glTF 2.0 export
02:48:02 | INFO: Extracting primitive: Maxilla.001
02:48:02 | INFO: Primitives created: 1
02:48:02 | INFO: Extracting primitive: Maxilla.002
02:48:02 | INFO: Primitives created: 1
02:48:02 | INFO: Extracting primitive: Mandible.001
02:48:03 | INFO: Primitives created: 1
02:48:03 | INFO: Extracting primitive: Upper medial incisor.001
02:48:03 | INFO: Primitives created: 1
02:48:03 | INFO: Extracting primitive: Upper lateral incisor.001
02:48:03 | INFO: Primitives created: 1
02:48:03 | INFO: Extracting primitive: Upper canine.001
02:48:03 | INFO: Primitives created: 1
02:48:03 | INFO: Extracting primitive: Lower medial incisor.001
02:48:03 | INFO: Primitives created: 1
02:48:03 | INFO: Extracting primitive: Lower lateral incisor.001
02:48:03 | INFO: Primitives created: 1
02:48:03 | INFO: Extracting primitive: Lower canine.001
02:48:03 | INFO: Primitives created: 1
02:48:03 | INFO: Extracting primitive: Upper medial incisor.002
02:48:03 | INFO: Primitives created: 1
02:48:03 | INFO: Extracting primitive: Upper lateral incisor.002
02:48:03 | INFO: Primitives created: 1
02:48:03 | INFO: Extracting primitive: Upper canine.002
02:48:03 | INFO: Primitives created: 1
02:48:03 | INFO: Extracting primitive: Lower medial incisor.002
02:48:03 | INFO: Primitives created: 1
02:48:03 | INFO: Extracting primitive: Lower lateral incisor.002
02:48:03 | INFO: Primitives created: 1
02:48:03 | INFO: Extracting primitive: Lower canine.002
02:48:03 | INFO: Primitives created: 1
02:48:03 | INFO: Extracting primitive: Upper first premolar.001
02:48:03 | INFO: Primitives created: 1
02:48:03 | INFO: Extracting primitive: Upper second premolar.001
02:48:03 | INFO: Primitives created: 1
02:48:03 | INFO: Extracting primitive: Upper first molar tooth.001
02:48:03 | INFO: Primitives created: 1
02:48:03 | INFO: Extracting primitive: Upper second molar tooth.001
02:48:03 | INFO: Primitives created: 1
02:48:03 | INFO: Extracting primitive: Lower first premolar.001
02:48:03 | INFO: Primitives created: 1
02:48:03 | INFO: Extracting primitive: Lower second premolar.001
02:48:03 | INFO: Primitives created: 1
02:48:03 | INFO: Extracting primitive: Lower first molar tooth.001
02:48:03 | INFO: Primitives created: 1
02:48:03 | INFO: Extracting primitive: Lower second molar tooth.001
02:48:03 | INFO: Primitives created: 1
02:48:03 | INFO: Extracting primitive: Upper first premolar.002
02:48:03 | INFO: Primitives created: 1
02:48:03 | INFO: Extracting primitive: Upper second premolar.002
02:48:03 | INFO: Primitives created: 1
02:48:03 | INFO: Extracting primitive: Upper first molar tooth.002
02:48:03 | INFO: Primitives created: 1
02:48:03 | INFO: Extracting primitive: Upper second molar tooth.002
02:48:03 | INFO: Primitives created: 1
02:48:03 | INFO: Extracting primitive: Lower first premolar.002
02:48:03 | INFO: Primitives created: 1
02:48:03 | INFO: Extracting primitive: Lower second premolar.002
02:48:03 | INFO: Primitives created: 1
02:48:03 | INFO: Extracting primitive: Lower first molar tooth.002
02:48:03 | INFO: Primitives created: 1
02:48:03 | INFO: Extracting primitive: Lower second molar tooth.002
02:48:03 | INFO: Primitives created: 1
02:48:03 | INFO: Extracting primitive: Object_0
02:48:03 | INFO: Primitives created: 1
02:48:03 | INFO: Extracting primitive: Object_0.001
02:48:03 | INFO: Primitives created: 1
02:48:03 | INFO: Extracting primitive: Object_0.002
02:48:03 | INFO: Primitives created: 1
02:48:03 | INFO: Extracting primitive: Object_0.003
02:48:03 | INFO: Primitives created: 1
02:48:03 | INFO: Extracting primitive: Object_0.004
02:48:03 | INFO: Primitives created: 1
02:48:03 | INFO: Extracting primitive: Object_0.005
02:48:03 | INFO: Primitives created: 1
02:48:03 | INFO: Extracting primitive: Object_0.006
02:48:03 | INFO: Primitives created: 1
02:48:03 | INFO: Extracting primitive: Object_0.007
02:48:03 | INFO: Primitives created: 1
02:48:03 | INFO: Extracting primitive: Object_0.008
02:48:03 | INFO: Primitives created: 1
02:48:03 | INFO: Extracting primitive: Object_0.009
02:48:03 | INFO: Primitives created: 1
02:48:03 | INFO: Extracting primitive: Object_0.010
02:48:03 | INFO: Primitives created: 1
02:48:03 | INFO: Extracting primitive: Object_0.011
02:48:03 | INFO: Primitives created: 1
02:48:03 | INFO: Extracting primitive: Object_0.012
02:48:03 | INFO: Primitives created: 1
02:48:03 | INFO: Extracting primitive: Object_0.013
02:48:04 | INFO: Primitives created: 1
02:48:04 | INFO: Extracting primitive: Object_0.014
02:48:04 | INFO: Primitives created: 1
02:48:04 | INFO: Extracting primitive: Object_0.015
02:48:04 | INFO: Primitives created: 1
02:48:04 | INFO: Extracting primitive: Object_0.016
02:48:04 | INFO: Primitives created: 1
02:48:04 | INFO: Extracting primitive: Object_0.017
02:48:04 | INFO: Primitives created: 1
02:48:04 | INFO: Extracting primitive: Object_0.018
02:48:04 | INFO: Primitives created: 1
02:48:04 | INFO: Extracting primitive: Object_0.019
02:48:04 | INFO: Primitives created: 1
02:48:04 | INFO: Finished glTF 2.0 export in 1.5246880054473877 s

Exported: /workspaces/forensic-odontology/models/anatomy.glb
Blender 4.0.2

Blender quit
