/usr/share/blender/scripts/addons/io_scene_gltf2/io/exp/gltf2_io_image_data.py:25: SyntaxWarning: invalid escape sequence '\.'
  regex_dot = re.compile("\.")
/usr/share/blender/scripts/addons/io_scene_gltf2/io/exp/gltf2_io_image_data.py:27: SyntaxWarning: invalid escape sequence '\]'
  new_name = "".join([char for char in adjusted_name if char not in "!#$&'()*+,/:;<>?@[\]^`{|}~"])
Data are loaded, start creating Blender stuff
glTF import finished in 0.21s
tooth_21 center=(0.0045,-0.0869,1.5392) size=0.0258
tooth_22 center=(0.0112,-0.0846,1.5397) size=0.0282
tooth_23 center=(0.0171,-0.0814,1.5424) size=0.0306
tooth_24 center=(0.0201,-0.0738,1.5426) size=0.0277
tooth_25 center=(0.0231,-0.0678,1.5423) size=0.0253
tooth_31 center=(0.0032,-0.0796,1.5151) size=0.0247
tooth_32 center=(0.0081,-0.0796,1.5152) size=0.0245
tooth_33 center=(0.0128,-0.0763,1.5147) size=0.0262
tooth_34 center=(0.0169,-0.0709,1.5175) size=0.0220
tooth_35 center=(0.0199,-0.0646,1.5184) size=0.0228
Data are loaded, start creating Blender stuff
glTF import finished in 0.01s
  73: cur_center=(5.924,-3.095,-8.904) size=7.1880  -> auto_scale=0.002731
  placed tooth_73
Data are loaded, start creating Blender stuff
glTF import finished in 0.01s
  71: cur_center=(0.124,-1.573,-8.332) size=6.0492  -> auto_scale=0.003065
  placed tooth_71
Data are loaded, start creating Blender stuff
glTF import finished in 0.10s
  74: cur_center=(13.742,4.689,-9.991) size=7.6560  -> auto_scale=0.002151
  placed tooth_74
Data are loaded, start creating Blender stuff
glTF import finished in 0.01s
  72: cur_center=(3.298,-0.008,-8.623) size=6.1915  -> auto_scale=0.002971
  placed tooth_72
Data are loaded, start creating Blender stuff
glTF import finished in 0.05s
  75: cur_center=(-15.204,-12.833,-11.368) size=8.5564  -> auto_scale=0.001999
  placed tooth_75
Data are loaded, start creating Blender stuff
glTF import finished in 0.01s
  63: cur_center=(7.890,-0.472,1.052) size=10.4907  -> auto_scale=0.002188
  placed tooth_63
Data are loaded, start creating Blender stuff
glTF import finished in 0.01s
  61: cur_center=(-0.195,-0.214,0.192) size=7.2380  -> auto_scale=0.002668
  placed tooth_61
Data are loaded, start creating Blender stuff
glTF import finished in 0.09s
  64: cur_center=(13.641,1.433,0.734) size=8.3553  -> auto_scale=0.002490
  placed tooth_64
Data are loaded, start creating Blender stuff
glTF import finished in 0.03s
  62: cur_center=(3.858,-0.051,0.355) size=6.4659  -> auto_scale=0.003271
  placed tooth_62
Data are loaded, start creating Blender stuff
glTF import finished in 0.09s
  65: cur_center=(19.360,5.313,1.518) size=8.2396  -> auto_scale=0.002304
  placed tooth_65
mirrored tooth_73 -> tooth_83
mirrored tooth_71 -> tooth_81
mirrored tooth_74 -> tooth_84
mirrored tooth_72 -> tooth_82
mirrored tooth_75 -> tooth_85
mirrored tooth_63 -> tooth_53
mirrored tooth_61 -> tooth_51
mirrored tooth_64 -> tooth_54
mirrored tooth_62 -> tooth_52
mirrored tooth_65 -> tooth_55

Final bbox: X[-0.052,0.052]  Y[-0.094,0.007]  Z[-0.011,1.605]
Total tooth containers: 20
02:58:26 | ERROR: Draco mesh compression is not available because library could not be found at /usr/bin/4.0/python/lib/python3.12/site-packages/libextern_draco.so
02:58:27 | INFO: Starting glTF 2.0 export
02:58:27 | INFO: Extracting primitive: Maxilla.001
02:58:27 | INFO: Primitives created: 1
02:58:27 | INFO: Extracting primitive: Maxilla.002
02:58:27 | INFO: Primitives created: 1
02:58:27 | INFO: Extracting primitive: Mandible.001
02:58:27 | INFO: Primitives created: 1
02:58:27 | INFO: Extracting primitive: Upper medial incisor.001
02:58:27 | INFO: Primitives created: 1
02:58:27 | INFO: Extracting primitive: Upper lateral incisor.001
02:58:27 | INFO: Primitives created: 1
02:58:27 | INFO: Extracting primitive: Upper canine.001
02:58:27 | INFO: Primitives created: 1
02:58:27 | INFO: Extracting primitive: Lower medial incisor.001
02:58:27 | INFO: Primitives created: 1
02:58:27 | INFO: Extracting primitive: Lower lateral incisor.001
02:58:27 | INFO: Primitives created: 1
02:58:27 | INFO: Extracting primitive: Lower canine.001
02:58:27 | INFO: Primitives created: 1
02:58:27 | INFO: Extracting primitive: Upper medial incisor.002
02:58:27 | INFO: Primitives created: 1
02:58:27 | INFO: Extracting primitive: Upper lateral incisor.002
02:58:27 | INFO: Primitives created: 1
02:58:27 | INFO: Extracting primitive: Upper canine.002
02:58:27 | INFO: Primitives created: 1
02:58:27 | INFO: Extracting primitive: Lower medial incisor.002
02:58:27 | INFO: Primitives created: 1
02:58:27 | INFO: Extracting primitive: Lower lateral incisor.002
02:58:27 | INFO: Primitives created: 1
02:58:27 | INFO: Extracting primitive: Lower canine.002
02:58:27 | INFO: Primitives created: 1
02:58:27 | INFO: Extracting primitive: Upper first premolar.001
02:58:27 | INFO: Primitives created: 1
02:58:27 | INFO: Extracting primitive: Upper second premolar.001
02:58:27 | INFO: Primitives created: 1
02:58:27 | INFO: Extracting primitive: Upper first molar tooth.001
02:58:27 | INFO: Primitives created: 1
02:58:27 | INFO: Extracting primitive: Upper second molar tooth.001
02:58:27 | INFO: Primitives created: 1
02:58:27 | INFO: Extracting primitive: Lower first premolar.001
02:58:27 | INFO: Primitives created: 1
02:58:27 | INFO: Extracting primitive: Lower second premolar.001
02:58:27 | INFO: Primitives created: 1
02:58:27 | INFO: Extracting primitive: Lower first molar tooth.001
02:58:27 | INFO: Primitives created: 1
02:58:27 | INFO: Extracting primitive: Lower second molar tooth.001
02:58:27 | INFO: Primitives created: 1
02:58:27 | INFO: Extracting primitive: Upper first premolar.002
02:58:27 | INFO: Primitives created: 1
02:58:27 | INFO: Extracting primitive: Upper second premolar.002
02:58:27 | INFO: Primitives created: 1
02:58:27 | INFO: Extracting primitive: Upper first molar tooth.002
02:58:27 | INFO: Primitives created: 1
02:58:27 | INFO: Extracting primitive: Upper second molar tooth.002
02:58:27 | INFO: Primitives created: 1
02:58:27 | INFO: Extracting primitive: Lower first premolar.002
02:58:27 | INFO: Primitives created: 1
02:58:27 | INFO: Extracting primitive: Lower second premolar.002
02:58:27 | INFO: Primitives created: 1
02:58:27 | INFO: Extracting primitive: Lower first molar tooth.002
02:58:27 | INFO: Primitives created: 1
02:58:27 | INFO: Extracting primitive: Lower second molar tooth.002
02:58:27 | INFO: Primitives created: 1
02:58:27 | INFO: Extracting primitive: Object_0
02:58:27 | INFO: Primitives created: 1
02:58:27 | INFO: Extracting primitive: Object_0.001
02:58:27 | INFO: Primitives created: 1
02:58:27 | INFO: Extracting primitive: Object_0.002
02:58:27 | INFO: Primitives created: 1
02:58:27 | INFO: Extracting primitive: Object_0.003
02:58:27 | INFO: Primitives created: 1
02:58:27 | INFO: Extracting primitive: Object_0.004
02:58:27 | INFO: Primitives created: 1
02:58:27 | INFO: Extracting primitive: Object_0.005
02:58:27 | INFO: Primitives created: 1
02:58:27 | INFO: Extracting primitive: Object_0.006
02:58:27 | INFO: Primitives created: 1
02:58:27 | INFO: Extracting primitive: Object_0.007
02:58:27 | INFO: Primitives created: 1
02:58:27 | INFO: Extracting primitive: Object_0.008
02:58:27 | INFO: Primitives created: 1
02:58:27 | INFO: Extracting primitive: Object_0.009
02:58:27 | INFO: Primitives created: 1
02:58:27 | INFO: Extracting primitive: Object_0.010
02:58:27 | INFO: Primitives created: 1
02:58:27 | INFO: Extracting primitive: Object_0.011
02:58:27 | INFO: Primitives created: 1
02:58:27 | INFO: Extracting primitive: Object_0.012
02:58:28 | INFO: Primitives created: 1
02:58:28 | INFO: Extracting primitive: Object_0.013
02:58:28 | INFO: Primitives created: 1
02:58:28 | INFO: Extracting primitive: Object_0.014
02:58:28 | INFO: Primitives created: 1
02:58:28 | INFO: Extracting primitive: Object_0.015
02:58:28 | INFO: Primitives created: 1
02:58:28 | INFO: Extracting primitive: Object_0.016
02:58:28 | INFO: Primitives created: 1
02:58:28 | INFO: Extracting primitive: Object_0.017
02:58:28 | INFO: Primitives created: 1
02:58:28 | INFO: Extracting primitive: Object_0.018
02:58:28 | INFO: Primitives created: 1
02:58:28 | INFO: Extracting primitive: Object_0.019
02:58:28 | INFO: Primitives created: 1
02:58:28 | INFO: Finished glTF 2.0 export in 1.5292308330535889 s

Exported: /workspaces/forensic-odontology/models/anatomy.glb
Blender 4.0.2

Blender quit
